// Jest Snapshot v1, https://goo.gl/fbAQLP

exports[`Test all component rendering NavBar renders correctly 1`] = `
<nav
  className="navbar"
>
  <button
    className="back-btn"
    onClick={[Function]}
    type="button"
  >
    <svg
      fill="currentColor"
      height="1em"
      stroke="currentColor"
      strokeWidth="0"
      style={
        Object {
          "color": undefined,
        }
      }
      viewBox="0 0 320 512"
      width="1em"
      xmlns="http://www.w3.org/2000/svg"
    >
      <path
        d="M34.52 239.03L228.87 44.69c9.37-9.37 24.57-9.37 33.94 0l22.67 22.67c9.36 9.36 9.37 24.52.04 33.9L131.49 256l154.02 154.75c9.34 9.38 9.32 24.54-.04 33.9l-22.67 22.67c-9.37 9.37-24.57 9.37-33.94 0L34.52 272.97c-9.37-9.37-9.37-24.57 0-33.94z"
      />
    </svg>
  </button>
  <button
    className="color-toggle"
    onClick={[Function]}
    type="button"
  >
    <svg
      className="color-icon"
      fill="currentColor"
      height="1em"
      stroke="currentColor"
      strokeWidth="0"
      style={
        Object {
          "color": undefined,
        }
      }
      viewBox="0 0 512 512"
      width="1em"
      xmlns="http://www.w3.org/2000/svg"
    >
      <path
        d="M256 160c-52.9 0-96 43.1-96 96s43.1 96 96 96 96-43.1 96-96-43.1-96-96-96zm246.4 80.5l-94.7-47.3 33.5-100.4c4.5-13.6-8.4-26.5-21.9-21.9l-100.4 33.5-47.4-94.8c-6.4-12.8-24.6-12.8-31 0l-47.3 94.7L92.7 70.8c-13.6-4.5-26.5 8.4-21.9 21.9l33.5 100.4-94.7 47.4c-12.8 6.4-12.8 24.6 0 31l94.7 47.3-33.5 100.5c-4.5 13.6 8.4 26.5 21.9 21.9l100.4-33.5 47.3 94.7c6.4 12.8 24.6 12.8 31 0l47.3-94.7 100.4 33.5c13.6 4.5 26.5-8.4 21.9-21.9l-33.5-100.4 94.7-47.3c13-6.5 13-24.7.2-31.1zm-155.9 106c-49.9 49.9-131.1 49.9-181 0-49.9-49.9-49.9-131.1 0-181 49.9-49.9 131.1-49.9 181 0 49.9 49.9 49.9 131.1 0 181z"
      />
    </svg>
  </button>
</nav>
`;

exports[`Test all component rendering Province list renders correctly 1`] = `
<div>
  <div
    id="current"
  >
    <span>
      Current Stage: 
    </span>
    <span>
      0
    </span>
  </div>
  <div
    id="filter"
  >
    <select
      onChange={[Function]}
    >
      <option
        value="all"
      >
        All
      </option>
      <option
        value="Buffalo City"
      >
        Buffalo City
      </option>
      <option
        value="City Of Cape Town"
      >
        City Of Cape Town
      </option>
      <option
        value="City Power"
      >
        City Power
      </option>
      <option
        value="Eastern Cape"
      >
        Eastern Cape
      </option>
      <option
        value="Eskom Direct"
      >
        Eskom Direct
      </option>
      <option
        value="Free State"
      >
        Free State
      </option>
      <option
        value="Gauteng"
      >
        Gauteng
      </option>
      <option
        value="Kwazulu Natal"
      >
        Kwazulu Natal
      </option>
      <option
        value="Limpopo"
      >
        Limpopo
      </option>
      <option
        value="Mpumalanga"
      >
        Mpumalanga
      </option>
      <option
        value="North West"
      >
        North West
      </option>
      <option
        value="Northern Cape"
      >
        Northern Cape
      </option>
      <option
        value="Western Cape"
      >
        Western Cape
      </option>
    </select>
  </div>
  <ul />
</div>
`;

exports[`Test all component rendering Province renders correctly 1`] = `
<li>
  <button
    onClick={[Function]}
    type="button"
  >
    <span
      className="category"
    >
      City Of Cape Town
    </span>
    <span
      className="province"
    />
  </button>
</li>
`;
